// Jest Snapshot v1, https://goo.gl/fbAQLP

exports[`render a prop 1`] = `ShallowWrapper {}`;

exports[`render a prop to register 1`] = `ShallowWrapper {}`;

exports[`snapshot router 1`] = `
<div>
  <div>
    <ul
      className="navBar"
    >
      <li
        id="Register"
      >
        <a
          href="/"
          onClick={[Function]}
        >
          Register
        </a>
      </li>
      <li
        id="Login"
      >
        <a
          href="/login"
          onClick={[Function]}
        >
          Login
        </a>
      </li>
      <li
        id="See all Users"
      >
        <a
          href="/userList"
          onClick={[Function]}
        >
          See all users
        </a>
      </li>
    </ul>
  </div>
  <div
    className="formDiv"
  >
    <h1>
      Register
    </h1>
    <form
      onSubmit={[Function]}
    >
      <label
        htmlFor="username"
      >
        Username: 
      </label>
      <input
        className="form-control"
        id="username"
        type="text"
      />
      <br />
      <label
        htmlFor="email"
      >
        Email: 
      </label>
      <input
        className="form-control"
        id="email"
        type="text"
      />
      <br />
      <label
        htmlFor="password"
      >
        Password: 
      </label>
      <input
        className="form-control"
        id="password"
        type="text"
      />
      <br />
      <label
        htmlFor="password2"
      >
        password2: 
      </label>
      <input
        className="form-control"
        id="password2"
        type="text"
      />
      <br />
      <input
        className="btn btn-dark"
        type="submit"
        value="register"
      />
    </form>
    <table
      className="table"
      style={
        Object {
          "color": "red",
        }
      }
    >
      <tbody>
        <tr>
          <td />
        </tr>
        <tr>
          <td />
        </tr>
        <tr>
          <td />
        </tr>
        <tr>
          <td />
        </tr>
      </tbody>
    </table>
  </div>
</div>
`;
