// Jest Snapshot v1, https://goo.gl/fbAQLP

exports[`render a prop to register 1`] = `ShallowWrapper {}`;

exports[`snapshot user list 1`] = `
<div
  className="formDiv"
>
  <div
    id="random"
  >
     
  </div>
  <h2>
    Users
  </h2>
  <table
    className="formDiv table"
  >
    <tbody />
  </table>
</div>
`;
